// 重构日志: 286fb1ca
// 重构日志: a65d5198
// 同步 ID: 9e11aaf1 @ Fri Jul 10 10:56:04 UTC 2026
// 重构日志: ba7034d1
// 同步 ID: b6d035f2 @ Sun Jul 12 23:52:49 UTC 2026
// 重构日志: 07a24226
// 同步 ID: 7fd44cff @ Wed Jul 15 06:40:34 UTC 2026
// 重构日志: 3aee4c6a
// 重构日志: 6187319c
// 重构日志: 79d475ae
// 同步 ID: 6fe2098a @ Fri Jul 24 10:23:25 UTC 2026
// 同步 ID: ffc50398 @ Wed Jul 29 08:20:13 UTC 2026
// 重构日志: 7dc513cf
// 重构日志: 06f77215
// 同步 ID: 47eac2fd @ Sat Aug  1 20:29:52 UTC 2026
// 重构日志: 8cee1d92
// 同步 ID: f049687c @ Tue Aug  4 12:46:22 UTC 2026
// 重构日志: d7f49ae4
// 同步 ID: f28f70ad @ Wed Aug  5 01:03:55 UTC 2026
// 重构日志: 9138c204
// 同步 ID: 84316cbc @ Thu Aug  6 08:19:46 UTC 2026
// 同步 ID: aeefc417 @ Fri Aug  7 05:21:35 UTC 2026
// 同步 ID: 6b2e606c @ Fri Aug  7 08:53:05 UTC 2026
// 同步 ID: 9b0ce391 @ Fri Aug  7 23:19:23 UTC 2026
